Traceback (most recent call last):
  File "/Library/Developer/CommandLineTools/Library/Frameworks/Python3.framework/Versions/3.9/lib/python3.9/runpy.py", line 197, in _run_module_as_main
    return _run_code(code, main_globals, None,
  File "/Library/Developer/CommandLineTools/Library/Frameworks/Python3.framework/Versions/3.9/lib/python3.9/runpy.py", line 87, in _run_code
    exec(code, run_globals)
  File "/Library/Developer/CommandLineTools/Library/Frameworks/Python3.framework/Versions/3.9/lib/python3.9/unittest/__main__.py", line 18, in <module>
    main(module=None)
  File "/Library/Developer/CommandLineTools/Library/Frameworks/Python3.framework/Versions/3.9/lib/python3.9/unittest/main.py", line 100, in __init__
    self.parseArgs(argv)
  File "/Library/Developer/CommandLineTools/Library/Frameworks/Python3.framework/Versions/3.9/lib/python3.9/unittest/main.py", line 147, in parseArgs
    self.createTests()
  File "/Library/Developer/CommandLineTools/Library/Frameworks/Python3.framework/Versions/3.9/lib/python3.9/unittest/main.py", line 158, in createTests
    self.test = self.testLoader.loadTestsFromNames(self.testNames,
  File "/Library/Developer/CommandLineTools/Library/Frameworks/Python3.framework/Versions/3.9/lib/python3.9/unittest/loader.py", line 220, in loadTestsFromNames
    suites = [self.loadTestsFromName(name, module) for name in names]
  File "/Library/Developer/CommandLineTools/Library/Frameworks/Python3.framework/Versions/3.9/lib/python3.9/unittest/loader.py", line 220, in <listcomp>
    suites = [self.loadTestsFromName(name, module) for name in names]
  File "/Library/Developer/CommandLineTools/Library/Frameworks/Python3.framework/Versions/3.9/lib/python3.9/unittest/loader.py", line 154, in loadTestsFromName
    module = __import__(module_name)
  File "/Users/um-yunsang/argo-paper-orx/experiments/argo_workflow_followup/public_ml_apparatus/house_price_runtime/test_deployment_assets.py", line 12, in <module>
    from experiments.argo_workflow_followup.public_ml_apparatus.house_price_runtime.controller_process import capture_interpreter_identity
  File "/Users/um-yunsang/argo-paper-orx/experiments/argo_workflow_followup/public_ml_apparatus/house_price_runtime/controller_process.py", line 1395, in <module>
    CampaignGuard = Callable[[], str | None]
TypeError: unsupported operand type(s) for |: 'type' and 'NoneType'
