test_changed_tree_interpreter_or_module_does_not_publish_bootstrap (experiments.argo_workflow_followup.public_ml_apparatus.house_price_runtime.test_deployment_assets.DeploymentAssetsTest.test_changed_tree_interpreter_or_module_does_not_publish_bootstrap) ... ERROR
test_materializes_exact_regular_namespace_and_never_overwrites (experiments.argo_workflow_followup.public_ml_apparatus.house_price_runtime.test_deployment_assets.DeploymentAssetsTest.test_materializes_exact_regular_namespace_and_never_overwrites) ... ERROR
test_module_bootstrap_uses_fixed_exec_and_environment_not_inherited_arguments (experiments.argo_workflow_followup.public_ml_apparatus.house_price_runtime.test_deployment_assets.DeploymentAssetsTest.test_module_bootstrap_uses_fixed_exec_and_environment_not_inherited_arguments) ... ERROR
test_partial_copy_is_retained_and_cannot_be_retried (experiments.argo_workflow_followup.public_ml_apparatus.house_price_runtime.test_deployment_assets.DeploymentAssetsTest.test_partial_copy_is_retained_and_cannot_be_retried) ... FAIL
test_rejects_bad_source_identity_and_noncode_namespace_members (experiments.argo_workflow_followup.public_ml_apparatus.house_price_runtime.test_deployment_assets.DeploymentAssetsTest.test_rejects_bad_source_identity_and_noncode_namespace_members) ... ok

======================================================================
ERROR: test_changed_tree_interpreter_or_module_does_not_publish_bootstrap (experiments.argo_workflow_followup.public_ml_apparatus.house_price_runtime.test_deployment_assets.DeploymentAssetsTest.test_changed_tree_interpreter_or_module_does_not_publish_bootstrap)
----------------------------------------------------------------------
Traceback (most recent call last):
  File "/private/tmp/argo-a2-assets-red-_klwtn1b/experiments/argo_workflow_followup/public_ml_apparatus/house_price_runtime/test_deployment_assets.py", line 70, in test_changed_tree_interpreter_or_module_does_not_publish_bootstrap
    tree=materialize_namespace(self.namespace,(self.member,))
         ^^^^^^^^^^^^^^^^^^^^^^^^^^^^^^^^^^^^^^^^^^^^^^^^^^^^
  File "/private/tmp/argo-a2-assets-red-_klwtn1b/experiments/argo_workflow_followup/public_ml_apparatus/house_price_runtime/deployment_assets.py", line 18, in materialize_namespace
    raise DeploymentError()
experiments.argo_workflow_followup.public_ml_apparatus.house_price_runtime.deployment_assets.DeploymentError: DEPLOYMENT_INVALID

======================================================================
ERROR: test_materializes_exact_regular_namespace_and_never_overwrites (experiments.argo_workflow_followup.public_ml_apparatus.house_price_runtime.test_deployment_assets.DeploymentAssetsTest.test_materializes_exact_regular_namespace_and_never_overwrites)
----------------------------------------------------------------------
Traceback (most recent call last):
  File "/private/tmp/argo-a2-assets-red-_klwtn1b/experiments/argo_workflow_followup/public_ml_apparatus/house_price_runtime/test_deployment_assets.py", line 36, in test_materializes_exact_regular_namespace_and_never_overwrites
    tree=materialize_namespace(self.namespace,(self.member,))
         ^^^^^^^^^^^^^^^^^^^^^^^^^^^^^^^^^^^^^^^^^^^^^^^^^^^^
  File "/private/tmp/argo-a2-assets-red-_klwtn1b/experiments/argo_workflow_followup/public_ml_apparatus/house_price_runtime/deployment_assets.py", line 18, in materialize_namespace
    raise DeploymentError()
experiments.argo_workflow_followup.public_ml_apparatus.house_price_runtime.deployment_assets.DeploymentError: DEPLOYMENT_INVALID

======================================================================
ERROR: test_module_bootstrap_uses_fixed_exec_and_environment_not_inherited_arguments (experiments.argo_workflow_followup.public_ml_apparatus.house_price_runtime.test_deployment_assets.DeploymentAssetsTest.test_module_bootstrap_uses_fixed_exec_and_environment_not_inherited_arguments)
----------------------------------------------------------------------
Traceback (most recent call last):
  File "/private/tmp/argo-a2-assets-red-_klwtn1b/experiments/argo_workflow_followup/public_ml_apparatus/house_price_runtime/test_deployment_assets.py", line 52, in test_module_bootstrap_uses_fixed_exec_and_environment_not_inherited_arguments
    tree=materialize_namespace(self.namespace,(self.member,))
         ^^^^^^^^^^^^^^^^^^^^^^^^^^^^^^^^^^^^^^^^^^^^^^^^^^^^
  File "/private/tmp/argo-a2-assets-red-_klwtn1b/experiments/argo_workflow_followup/public_ml_apparatus/house_price_runtime/deployment_assets.py", line 18, in materialize_namespace
    raise DeploymentError()
experiments.argo_workflow_followup.public_ml_apparatus.house_price_runtime.deployment_assets.DeploymentError: DEPLOYMENT_INVALID

======================================================================
FAIL: test_partial_copy_is_retained_and_cannot_be_retried (experiments.argo_workflow_followup.public_ml_apparatus.house_price_runtime.test_deployment_assets.DeploymentAssetsTest.test_partial_copy_is_retained_and_cannot_be_retried)
----------------------------------------------------------------------
Traceback (most recent call last):
  File "/private/tmp/argo-a2-assets-red-_klwtn1b/experiments/argo_workflow_followup/public_ml_apparatus/house_price_runtime/test_deployment_assets.py", line 89, in test_partial_copy_is_retained_and_cannot_be_retried
    self.assertTrue(self.namespace.exists())
AssertionError: False is not true

----------------------------------------------------------------------
Ran 5 tests in 0.053s

FAILED (failures=1, errors=3)
