test_bad_source_fails_before_case_creation (experiments.argo_workflow_followup.public_ml_apparatus.house_price_runtime.test_combination_driver.CaseDriverTest.test_bad_source_fails_before_case_creation) ... ok
test_case_root_inside_protected_profile_starts_nothing (experiments.argo_workflow_followup.public_ml_apparatus.house_price_runtime.test_combination_driver.CaseDriverTest.test_case_root_inside_protected_profile_starts_nothing) ... FAIL
test_evidence_writer_rejects_caps_completes_short_writes_and_retains_partial (experiments.argo_workflow_followup.public_ml_apparatus.house_price_runtime.test_combination_driver.CaseDriverTest.test_evidence_writer_rejects_caps_completes_short_writes_and_retains_partial) ... ok
test_existing_case_cannot_start_or_write (experiments.argo_workflow_followup.public_ml_apparatus.house_price_runtime.test_combination_driver.CaseDriverTest.test_existing_case_cannot_start_or_write) ... ok
test_fixture_error_preserves_admission_without_process_or_exception_payload (experiments.argo_workflow_followup.public_ml_apparatus.house_price_runtime.test_combination_driver.CaseDriverTest.test_fixture_error_preserves_admission_without_process_or_exception_payload) ... ok
test_metadata_deleted_after_assessment_cannot_be_verified (experiments.argo_workflow_followup.public_ml_apparatus.house_price_runtime.test_combination_driver.CaseDriverTest.test_metadata_deleted_after_assessment_cannot_be_verified) ... FAIL
test_one_synthetic_process_uses_guard_and_typed_cleanup_before_receipt (experiments.argo_workflow_followup.public_ml_apparatus.house_price_runtime.test_combination_driver.CaseDriverTest.test_one_synthetic_process_uses_guard_and_typed_cleanup_before_receipt) ... ok
test_partially_created_fixture_with_unconfirmed_close_is_not_generic_failure (experiments.argo_workflow_followup.public_ml_apparatus.house_price_runtime.test_combination_driver.CaseDriverTest.test_partially_created_fixture_with_unconfirmed_close_is_not_generic_failure) ... ok
test_rejected_assessment_retains_one_attempt (experiments.argo_workflow_followup.public_ml_apparatus.house_price_runtime.test_combination_driver.CaseDriverTest.test_rejected_assessment_retains_one_attempt) ... ok
test_source_validation_time_counts_before_admission (experiments.argo_workflow_followup.public_ml_apparatus.house_price_runtime.test_combination_driver.CaseDriverTest.test_source_validation_time_counts_before_admission) ... FAIL
test_unknown_cleanup_or_failed_assessment_never_passes (experiments.argo_workflow_followup.public_ml_apparatus.house_price_runtime.test_combination_driver.CaseDriverTest.test_unknown_cleanup_or_failed_assessment_never_passes) ... ok

======================================================================
FAIL: test_case_root_inside_protected_profile_starts_nothing (experiments.argo_workflow_followup.public_ml_apparatus.house_price_runtime.test_combination_driver.CaseDriverTest.test_case_root_inside_protected_profile_starts_nothing)
----------------------------------------------------------------------
Traceback (most recent call last):
  File "/Users/um-yunsang/argo-paper-orx/experiments/argo_workflow_followup/public_ml_apparatus/house_price_runtime/test_combination_driver.py", line 180, in test_case_root_inside_protected_profile_starts_nothing
    self.assertEqual((result.status,result.reason),("NOT_STARTED","INVALID_INPUT"))
AssertionError: Tuples differ: ('VERIFIED_SYNTHETIC_COMBINATION', 'VERIFIED') != ('NOT_STARTED', 'INVALID_INPUT')

First differing element 0:
'VERIFIED_SYNTHETIC_COMBINATION'
'NOT_STARTED'

- ('VERIFIED_SYNTHETIC_COMBINATION', 'VERIFIED')
+ ('NOT_STARTED', 'INVALID_INPUT')

======================================================================
FAIL: test_metadata_deleted_after_assessment_cannot_be_verified (experiments.argo_workflow_followup.public_ml_apparatus.house_price_runtime.test_combination_driver.CaseDriverTest.test_metadata_deleted_after_assessment_cannot_be_verified)
----------------------------------------------------------------------
Traceback (most recent call last):
  File "/Users/um-yunsang/argo-paper-orx/experiments/argo_workflow_followup/public_ml_apparatus/house_price_runtime/test_combination_driver.py", line 198, in test_metadata_deleted_after_assessment_cannot_be_verified
    self.assertEqual(result.status,"NOT_ADMITTED")
AssertionError: 'VERIFIED_SYNTHETIC_COMBINATION' != 'NOT_ADMITTED'
- VERIFIED_SYNTHETIC_COMBINATION
+ NOT_ADMITTED


======================================================================
FAIL: test_source_validation_time_counts_before_admission (experiments.argo_workflow_followup.public_ml_apparatus.house_price_runtime.test_combination_driver.CaseDriverTest.test_source_validation_time_counts_before_admission)
----------------------------------------------------------------------
Traceback (most recent call last):
  File "/Users/um-yunsang/argo-paper-orx/experiments/argo_workflow_followup/public_ml_apparatus/house_price_runtime/test_combination_driver.py", line 189, in test_source_validation_time_counts_before_admission
    self.assertEqual(self.run_count,0)
AssertionError: 1 != 0

----------------------------------------------------------------------
Ran 11 tests in 0.098s

FAILED (failures=3)
