test_bad_source_fails_before_case_creation (experiments.argo_workflow_followup.public_ml_apparatus.house_price_runtime.test_combination_driver.CaseDriverTest.test_bad_source_fails_before_case_creation) ... ERROR
test_existing_case_cannot_start_or_write (experiments.argo_workflow_followup.public_ml_apparatus.house_price_runtime.test_combination_driver.CaseDriverTest.test_existing_case_cannot_start_or_write) ... ERROR
test_fixture_error_preserves_admission_without_process_or_exception_payload (experiments.argo_workflow_followup.public_ml_apparatus.house_price_runtime.test_combination_driver.CaseDriverTest.test_fixture_error_preserves_admission_without_process_or_exception_payload) ... ERROR
test_one_synthetic_process_uses_guard_and_typed_cleanup_before_receipt (experiments.argo_workflow_followup.public_ml_apparatus.house_price_runtime.test_combination_driver.CaseDriverTest.test_one_synthetic_process_uses_guard_and_typed_cleanup_before_receipt) ... ERROR
test_rejected_assessment_retains_one_attempt (experiments.argo_workflow_followup.public_ml_apparatus.house_price_runtime.test_combination_driver.CaseDriverTest.test_rejected_assessment_retains_one_attempt) ... ERROR
test_unknown_cleanup_or_failed_assessment_never_passes (experiments.argo_workflow_followup.public_ml_apparatus.house_price_runtime.test_combination_driver.CaseDriverTest.test_unknown_cleanup_or_failed_assessment_never_passes) ... ERROR
test_budget_guard_uses_prior_sessions_without_reset_and_clean_is_false (experiments.argo_workflow_followup.public_ml_apparatus.house_price_runtime.test_phase_driver.PhaseDriverTests.test_budget_guard_uses_prior_sessions_without_reset_and_clean_is_false) ... ok
test_existing_admission_fence_denies_second_attempt (experiments.argo_workflow_followup.public_ml_apparatus.house_price_runtime.test_phase_driver.PhaseDriverTests.test_existing_admission_fence_denies_second_attempt) ... ok
test_gate_config_pure_reader_binds_current_observer_inputs (experiments.argo_workflow_followup.public_ml_apparatus.house_price_runtime.test_phase_driver.PhaseDriverTests.test_gate_config_pure_reader_binds_current_observer_inputs) ... ok
test_guard_unknown_is_passed_through_and_never_clean (experiments.argo_workflow_followup.public_ml_apparatus.house_price_runtime.test_phase_driver.PhaseDriverTests.test_guard_unknown_is_passed_through_and_never_clean) ... ok
test_invalid_input_and_orphan_receipt_create_no_admission (experiments.argo_workflow_followup.public_ml_apparatus.house_price_runtime.test_phase_driver.PhaseDriverTests.test_invalid_input_and_orphan_receipt_create_no_admission) ... ok
test_late_unknown_prevents_clean_success (experiments.argo_workflow_followup.public_ml_apparatus.house_price_runtime.test_phase_driver.PhaseDriverTests.test_late_unknown_prevents_clean_success) ... ok
test_process_and_gate_session_mismatch_fails_before_admission (experiments.argo_workflow_followup.public_ml_apparatus.house_price_runtime.test_phase_driver.PhaseDriverTests.test_process_and_gate_session_mismatch_fails_before_admission) ... ok
test_recording_failure_keeps_admission_and_never_clean_success (experiments.argo_workflow_followup.public_ml_apparatus.house_price_runtime.test_phase_driver.PhaseDriverTests.test_recording_failure_keeps_admission_and_never_clean_success) ... ok
test_stale_source_tree_fails_before_admission_or_process (experiments.argo_workflow_followup.public_ml_apparatus.house_price_runtime.test_phase_driver.PhaseDriverTests.test_stale_source_tree_fails_before_admission_or_process) ... ok
test_startup_guard_is_callable_and_same_observer_finalizes_clean_receipts (experiments.argo_workflow_followup.public_ml_apparatus.house_price_runtime.test_phase_driver.PhaseDriverTests.test_startup_guard_is_callable_and_same_observer_finalizes_clean_receipts) ... ok
test_wrong_session_path_or_identity_never_becomes_clean (experiments.argo_workflow_followup.public_ml_apparatus.house_price_runtime.test_phase_driver.PhaseDriverTests.test_wrong_session_path_or_identity_never_becomes_clean) ... ok

======================================================================
ERROR: test_bad_source_fails_before_case_creation (experiments.argo_workflow_followup.public_ml_apparatus.house_price_runtime.test_combination_driver.CaseDriverTest.test_bad_source_fails_before_case_creation)
----------------------------------------------------------------------
Traceback (most recent call last):
  File "/Users/um-yunsang/argo-paper-orx/experiments/argo_workflow_followup/public_ml_apparatus/house_price_runtime/test_combination_driver.py", line 134, in test_bad_source_fails_before_case_creation
    with patch.object(driver,"_verify_sources",side_effect=ValueError("private source")),patch.object(driver,"prepare_fixture") as fixture:
  File "/Users/um-yunsang/.local/share/uv/python/cpython-3.11.15-macos-aarch64-none/lib/python3.11/unittest/mock.py", line 1446, in __enter__
    original, local = self.get_original()
                      ^^^^^^^^^^^^^^^^^^^
  File "/Users/um-yunsang/.local/share/uv/python/cpython-3.11.15-macos-aarch64-none/lib/python3.11/unittest/mock.py", line 1419, in get_original
    raise AttributeError(
AttributeError: <module 'experiments.argo_workflow_followup.public_ml_apparatus.house_price_runtime.combination_driver' from '/Users/um-yunsang/argo-paper-orx/experiments/argo_workflow_followup/public_ml_apparatus/house_price_runtime/combination_driver.py'> does not have the attribute '_verify_sources'

======================================================================
ERROR: test_existing_case_cannot_start_or_write (experiments.argo_workflow_followup.public_ml_apparatus.house_price_runtime.test_combination_driver.CaseDriverTest.test_existing_case_cannot_start_or_write)
----------------------------------------------------------------------
Traceback (most recent call last):
  File "/Users/um-yunsang/argo-paper-orx/experiments/argo_workflow_followup/public_ml_apparatus/house_price_runtime/test_combination_driver.py", line 115, in test_existing_case_cannot_start_or_write
    result=self.invoke()
           ^^^^^^^^^^^^^
  File "/Users/um-yunsang/argo-paper-orx/experiments/argo_workflow_followup/public_ml_apparatus/house_price_runtime/test_combination_driver.py", line 91, in invoke
    with patch.object(driver,"_verify_sources"), \
  File "/Users/um-yunsang/.local/share/uv/python/cpython-3.11.15-macos-aarch64-none/lib/python3.11/unittest/mock.py", line 1446, in __enter__
    original, local = self.get_original()
                      ^^^^^^^^^^^^^^^^^^^
  File "/Users/um-yunsang/.local/share/uv/python/cpython-3.11.15-macos-aarch64-none/lib/python3.11/unittest/mock.py", line 1419, in get_original
    raise AttributeError(
AttributeError: <module 'experiments.argo_workflow_followup.public_ml_apparatus.house_price_runtime.combination_driver' from '/Users/um-yunsang/argo-paper-orx/experiments/argo_workflow_followup/public_ml_apparatus/house_price_runtime/combination_driver.py'> does not have the attribute '_verify_sources'

======================================================================
ERROR: test_fixture_error_preserves_admission_without_process_or_exception_payload (experiments.argo_workflow_followup.public_ml_apparatus.house_price_runtime.test_combination_driver.CaseDriverTest.test_fixture_error_preserves_admission_without_process_or_exception_payload)
----------------------------------------------------------------------
Traceback (most recent call last):
  File "/Users/um-yunsang/argo-paper-orx/experiments/argo_workflow_followup/public_ml_apparatus/house_price_runtime/test_combination_driver.py", line 129, in test_fixture_error_preserves_admission_without_process_or_exception_payload
    result=self.invoke(fixture_error=True)
           ^^^^^^^^^^^^^^^^^^^^^^^^^^^^^^^
  File "/Users/um-yunsang/argo-paper-orx/experiments/argo_workflow_followup/public_ml_apparatus/house_price_runtime/test_combination_driver.py", line 91, in invoke
    with patch.object(driver,"_verify_sources"), \
  File "/Users/um-yunsang/.local/share/uv/python/cpython-3.11.15-macos-aarch64-none/lib/python3.11/unittest/mock.py", line 1446, in __enter__
    original, local = self.get_original()
                      ^^^^^^^^^^^^^^^^^^^
  File "/Users/um-yunsang/.local/share/uv/python/cpython-3.11.15-macos-aarch64-none/lib/python3.11/unittest/mock.py", line 1419, in get_original
    raise AttributeError(
AttributeError: <module 'experiments.argo_workflow_followup.public_ml_apparatus.house_price_runtime.combination_driver' from '/Users/um-yunsang/argo-paper-orx/experiments/argo_workflow_followup/public_ml_apparatus/house_price_runtime/combination_driver.py'> does not have the attribute '_verify_sources'

======================================================================
ERROR: test_one_synthetic_process_uses_guard_and_typed_cleanup_before_receipt (experiments.argo_workflow_followup.public_ml_apparatus.house_price_runtime.test_combination_driver.CaseDriverTest.test_one_synthetic_process_uses_guard_and_typed_cleanup_before_receipt)
----------------------------------------------------------------------
Traceback (most recent call last):
  File "/Users/um-yunsang/argo-paper-orx/experiments/argo_workflow_followup/public_ml_apparatus/house_price_runtime/test_combination_driver.py", line 102, in test_one_synthetic_process_uses_guard_and_typed_cleanup_before_receipt
    result=self.invoke()
           ^^^^^^^^^^^^^
  File "/Users/um-yunsang/argo-paper-orx/experiments/argo_workflow_followup/public_ml_apparatus/house_price_runtime/test_combination_driver.py", line 91, in invoke
    with patch.object(driver,"_verify_sources"), \
  File "/Users/um-yunsang/.local/share/uv/python/cpython-3.11.15-macos-aarch64-none/lib/python3.11/unittest/mock.py", line 1446, in __enter__
    original, local = self.get_original()
                      ^^^^^^^^^^^^^^^^^^^
  File "/Users/um-yunsang/.local/share/uv/python/cpython-3.11.15-macos-aarch64-none/lib/python3.11/unittest/mock.py", line 1419, in get_original
    raise AttributeError(
AttributeError: <module 'experiments.argo_workflow_followup.public_ml_apparatus.house_price_runtime.combination_driver' from '/Users/um-yunsang/argo-paper-orx/experiments/argo_workflow_followup/public_ml_apparatus/house_price_runtime/combination_driver.py'> does not have the attribute '_verify_sources'

======================================================================
ERROR: test_rejected_assessment_retains_one_attempt (experiments.argo_workflow_followup.public_ml_apparatus.house_price_runtime.test_combination_driver.CaseDriverTest.test_rejected_assessment_retains_one_attempt)
----------------------------------------------------------------------
Traceback (most recent call last):
  File "/Users/um-yunsang/argo-paper-orx/experiments/argo_workflow_followup/public_ml_apparatus/house_price_runtime/test_combination_driver.py", line 125, in test_rejected_assessment_retains_one_attempt
    result=self.invoke(CombinationAssessment("NOT_ADMITTED","GATE_INVALID",None,None,None))
           ^^^^^^^^^^^^^^^^^^^^^^^^^^^^^^^^^^^^^^^^^^^^^^^^^^^^^^^^^^^^^^^^^^^^^^^^^^^^^^^^
  File "/Users/um-yunsang/argo-paper-orx/experiments/argo_workflow_followup/public_ml_apparatus/house_price_runtime/test_combination_driver.py", line 91, in invoke
    with patch.object(driver,"_verify_sources"), \
  File "/Users/um-yunsang/.local/share/uv/python/cpython-3.11.15-macos-aarch64-none/lib/python3.11/unittest/mock.py", line 1446, in __enter__
    original, local = self.get_original()
                      ^^^^^^^^^^^^^^^^^^^
  File "/Users/um-yunsang/.local/share/uv/python/cpython-3.11.15-macos-aarch64-none/lib/python3.11/unittest/mock.py", line 1419, in get_original
    raise AttributeError(
AttributeError: <module 'experiments.argo_workflow_followup.public_ml_apparatus.house_price_runtime.combination_driver' from '/Users/um-yunsang/argo-paper-orx/experiments/argo_workflow_followup/public_ml_apparatus/house_price_runtime/combination_driver.py'> does not have the attribute '_verify_sources'

======================================================================
ERROR: test_unknown_cleanup_or_failed_assessment_never_passes (experiments.argo_workflow_followup.public_ml_apparatus.house_price_runtime.test_combination_driver.CaseDriverTest.test_unknown_cleanup_or_failed_assessment_never_passes)
----------------------------------------------------------------------
Traceback (most recent call last):
  File "/Users/um-yunsang/argo-paper-orx/experiments/argo_workflow_followup/public_ml_apparatus/house_price_runtime/test_combination_driver.py", line 120, in test_unknown_cleanup_or_failed_assessment_never_passes
    result=self.invoke()
           ^^^^^^^^^^^^^
  File "/Users/um-yunsang/argo-paper-orx/experiments/argo_workflow_followup/public_ml_apparatus/house_price_runtime/test_combination_driver.py", line 91, in invoke
    with patch.object(driver,"_verify_sources"), \
  File "/Users/um-yunsang/.local/share/uv/python/cpython-3.11.15-macos-aarch64-none/lib/python3.11/unittest/mock.py", line 1446, in __enter__
    original, local = self.get_original()
                      ^^^^^^^^^^^^^^^^^^^
  File "/Users/um-yunsang/.local/share/uv/python/cpython-3.11.15-macos-aarch64-none/lib/python3.11/unittest/mock.py", line 1419, in get_original
    raise AttributeError(
AttributeError: <module 'experiments.argo_workflow_followup.public_ml_apparatus.house_price_runtime.combination_driver' from '/Users/um-yunsang/argo-paper-orx/experiments/argo_workflow_followup/public_ml_apparatus/house_price_runtime/combination_driver.py'> does not have the attribute '_verify_sources'

----------------------------------------------------------------------
Ran 17 tests in 0.084s

FAILED (errors=6)
