test_bootstrap_and_config_must_stay_outside_sealed_namespace (experiments.argo_workflow_followup.public_ml_apparatus.house_price_runtime.test_deployment_assets.DeploymentAssetsTest.test_bootstrap_and_config_must_stay_outside_sealed_namespace) ... ok
test_changed_tree_interpreter_or_module_does_not_publish_bootstrap (experiments.argo_workflow_followup.public_ml_apparatus.house_price_runtime.test_deployment_assets.DeploymentAssetsTest.test_changed_tree_interpreter_or_module_does_not_publish_bootstrap) ... ok
test_generated_bridge_failure_is_fixed_json_and_nonzero (experiments.argo_workflow_followup.public_ml_apparatus.house_price_runtime.test_deployment_assets.DeploymentAssetsTest.test_generated_bridge_failure_is_fixed_json_and_nonzero) ... ERROR
test_generated_gate_maps_preexec_failures_without_private_text (experiments.argo_workflow_followup.public_ml_apparatus.house_price_runtime.test_deployment_assets.DeploymentAssetsTest.test_generated_gate_maps_preexec_failures_without_private_text) ... 
  test_generated_gate_maps_preexec_failures_without_private_text (experiments.argo_workflow_followup.public_ml_apparatus.house_price_runtime.test_deployment_assets.DeploymentAssetsTest.test_generated_gate_maps_preexec_failures_without_private_text) (action='os.open') ... FAIL
test_generated_gate_maps_preexec_failures_without_private_text (experiments.argo_workflow_followup.public_ml_apparatus.house_price_runtime.test_deployment_assets.DeploymentAssetsTest.test_generated_gate_maps_preexec_failures_without_private_text) ... ERROR
test_generated_gate_refuses_replaced_directory_with_safe_stop (experiments.argo_workflow_followup.public_ml_apparatus.house_price_runtime.test_deployment_assets.DeploymentAssetsTest.test_generated_gate_refuses_replaced_directory_with_safe_stop) ... FAIL
test_inside_namespace_config_does_not_publish_or_change_namespace (experiments.argo_workflow_followup.public_ml_apparatus.house_price_runtime.test_deployment_assets.DeploymentAssetsTest.test_inside_namespace_config_does_not_publish_or_change_namespace) ... ok
test_materializes_exact_regular_namespace_and_never_overwrites (experiments.argo_workflow_followup.public_ml_apparatus.house_price_runtime.test_deployment_assets.DeploymentAssetsTest.test_materializes_exact_regular_namespace_and_never_overwrites) ... ok
test_module_bootstrap_uses_fixed_exec_and_environment_not_inherited_arguments (experiments.argo_workflow_followup.public_ml_apparatus.house_price_runtime.test_deployment_assets.DeploymentAssetsTest.test_module_bootstrap_uses_fixed_exec_and_environment_not_inherited_arguments) ... ok
test_partial_copy_is_retained_and_cannot_be_retried (experiments.argo_workflow_followup.public_ml_apparatus.house_price_runtime.test_deployment_assets.DeploymentAssetsTest.test_partial_copy_is_retained_and_cannot_be_retried) ... ok
test_rejects_bad_source_identity_and_noncode_namespace_members (experiments.argo_workflow_followup.public_ml_apparatus.house_price_runtime.test_deployment_assets.DeploymentAssetsTest.test_rejects_bad_source_identity_and_noncode_namespace_members) ... ok

======================================================================
ERROR: test_generated_bridge_failure_is_fixed_json_and_nonzero (experiments.argo_workflow_followup.public_ml_apparatus.house_price_runtime.test_deployment_assets.DeploymentAssetsTest.test_generated_bridge_failure_is_fixed_json_and_nonzero)
----------------------------------------------------------------------
Traceback (most recent call last):
  File "/Users/um-yunsang/argo-paper-orx/experiments/argo_workflow_followup/public_ml_apparatus/house_price_runtime/test_deployment_assets.py", line 150, in test_generated_bridge_failure_is_fixed_json_and_nonzero
    exec(compile(output.read_bytes(),str(output),"exec"),{"__name__":"__main__"})
  File "/private/var/folders/yx/hh120pwn38g8vm2l1gsljd640000gn/T/hp-module-assets-lsvuevm3/bridge-entry", line 9, in <module>
    os.execve('/Users/um-yunsang/.prime/agent/kernel-venv/bin/python', ['/Users/um-yunsang/.prime/agent/kernel-venv/bin/python', '-B', '-m', 'experiments.argo_workflow_followup.public_ml_apparatus.house_price_runtime.bridge', '--config', '/private/var/folders/yx/hh120pwn38g8vm2l1gsljd640000gn/T/hp-module-assets-lsvuevm3/gate.json', '--config-sha256', '44136fa355b3678a1146ad16f7e8649e94fb4fc21fe77e8310c060f61caaff8a'], {'LANG': 'C.UTF-8', 'LC_ALL': 'C.UTF-8', 'PATH': '/usr/bin:/bin:/usr/sbin:/sbin:/opt/homebrew/bin', 'TZ': 'UTC'})
  File "/Users/um-yunsang/.local/share/uv/python/cpython-3.11.15-macos-aarch64-none/lib/python3.11/unittest/mock.py", line 1124, in __call__
    return self._mock_call(*args, **kwargs)
           ^^^^^^^^^^^^^^^^^^^^^^^^^^^^^^^^
  File "/Users/um-yunsang/.local/share/uv/python/cpython-3.11.15-macos-aarch64-none/lib/python3.11/unittest/mock.py", line 1128, in _mock_call
    return self._execute_mock_call(*args, **kwargs)
           ^^^^^^^^^^^^^^^^^^^^^^^^^^^^^^^^^^^^^^^^
  File "/Users/um-yunsang/.local/share/uv/python/cpython-3.11.15-macos-aarch64-none/lib/python3.11/unittest/mock.py", line 1183, in _execute_mock_call
    raise effect
OSError: private synthetic detail

======================================================================
ERROR: test_generated_gate_maps_preexec_failures_without_private_text (experiments.argo_workflow_followup.public_ml_apparatus.house_price_runtime.test_deployment_assets.DeploymentAssetsTest.test_generated_gate_maps_preexec_failures_without_private_text)
----------------------------------------------------------------------
Traceback (most recent call last):
  File "/Users/um-yunsang/argo-paper-orx/experiments/argo_workflow_followup/public_ml_apparatus/house_price_runtime/test_deployment_assets.py", line 139, in test_generated_gate_maps_preexec_failures_without_private_text
    self.assertEqual(stopped.exception.code,0)
                     ^^^^^^^^^^^^^^^^^
AttributeError: '_AssertRaisesContext' object has no attribute 'exception'

======================================================================
FAIL: test_generated_gate_maps_preexec_failures_without_private_text (experiments.argo_workflow_followup.public_ml_apparatus.house_price_runtime.test_deployment_assets.DeploymentAssetsTest.test_generated_gate_maps_preexec_failures_without_private_text) (action='os.open')
----------------------------------------------------------------------
Traceback (most recent call last):
  File "/Users/um-yunsang/argo-paper-orx/experiments/argo_workflow_followup/public_ml_apparatus/house_price_runtime/test_deployment_assets.py", line 137, in test_generated_gate_maps_preexec_failures_without_private_text
    with self.subTest(action=action),patch("sys.argv",[str(output)]),patch("os.chdir"),patch("os.fchdir"),patch("os.execve"),patch(action,side_effect=OSError("private synthetic detail")),redirect_stdout(captured),self.assertRaises(SystemExit) as stopped:
AssertionError: SystemExit not raised

======================================================================
FAIL: test_generated_gate_refuses_replaced_directory_with_safe_stop (experiments.argo_workflow_followup.public_ml_apparatus.house_price_runtime.test_deployment_assets.DeploymentAssetsTest.test_generated_gate_refuses_replaced_directory_with_safe_stop)
----------------------------------------------------------------------
Traceback (most recent call last):
  File "/Users/um-yunsang/argo-paper-orx/experiments/argo_workflow_followup/public_ml_apparatus/house_price_runtime/test_deployment_assets.py", line 124, in test_generated_gate_refuses_replaced_directory_with_safe_stop
    with patch("sys.argv",[str(output)]),patch("os.chdir"),patch("os.fchdir"),patch("os.execve") as execute,redirect_stdout(captured),self.assertRaises(SystemExit) as stopped:
AssertionError: SystemExit not raised

----------------------------------------------------------------------
Ran 10 tests in 0.185s

FAILED (failures=2, errors=2)
