test_destination_is_private_outside_git_and_copied_bytes_are_reopened (experiments.argo_workflow_followup.public_ml_apparatus.house_price_runtime.test_combination_capsule.SyntheticCapsuleTest.test_destination_is_private_outside_git_and_copied_bytes_are_reopened) ... ERROR
test_exact_capsule_has_twenty_five_sources_and_four_empty_initializers (experiments.argo_workflow_followup.public_ml_apparatus.house_price_runtime.test_combination_capsule.SyntheticCapsuleTest.test_exact_capsule_has_twenty_five_sources_and_four_empty_initializers) ... ERROR
test_missing_extra_duplicate_and_hash_tampered_sources_fail_before_destination (experiments.argo_workflow_followup.public_ml_apparatus.house_price_runtime.test_combination_capsule.SyntheticCapsuleTest.test_missing_extra_duplicate_and_hash_tampered_sources_fail_before_destination) ... ok
test_production_allowlist_is_not_broadened_by_synthetic_copy (experiments.argo_workflow_followup.public_ml_apparatus.house_price_runtime.test_combination_capsule.SyntheticCapsuleTest.test_production_allowlist_is_not_broadened_by_synthetic_copy) ... ERROR
test_symlink_source_is_rejected_and_partial_copy_cannot_be_reused (experiments.argo_workflow_followup.public_ml_apparatus.house_price_runtime.test_combination_capsule.SyntheticCapsuleTest.test_symlink_source_is_rejected_and_partial_copy_cannot_be_reused) ... FAIL

======================================================================
ERROR: test_destination_is_private_outside_git_and_copied_bytes_are_reopened (experiments.argo_workflow_followup.public_ml_apparatus.house_price_runtime.test_combination_capsule.SyntheticCapsuleTest.test_destination_is_private_outside_git_and_copied_bytes_are_reopened)
----------------------------------------------------------------------
Traceback (most recent call last):
  File "/Users/um-yunsang/argo-paper-orx/experiments/argo_workflow_followup/public_ml_apparatus/house_price_runtime/test_combination_capsule.py", line 85, in test_destination_is_private_outside_git_and_copied_bytes_are_reopened
    with patch(import_target,side_effect=seen):
  File "/Users/um-yunsang/.local/share/uv/python/cpython-3.11.15-macos-aarch64-none/lib/python3.11/unittest/mock.py", line 1446, in __enter__
    original, local = self.get_original()
                      ^^^^^^^^^^^^^^^^^^^
  File "/Users/um-yunsang/.local/share/uv/python/cpython-3.11.15-macos-aarch64-none/lib/python3.11/unittest/mock.py", line 1419, in get_original
    raise AttributeError(
AttributeError: <module 'experiments.argo_workflow_followup.public_ml_apparatus.house_price_runtime.combination_capsule' from '/Users/um-yunsang/argo-paper-orx/experiments/argo_workflow_followup/public_ml_apparatus/house_price_runtime/combination_capsule.py'> does not have the attribute 'read_bound'

======================================================================
ERROR: test_exact_capsule_has_twenty_five_sources_and_four_empty_initializers (experiments.argo_workflow_followup.public_ml_apparatus.house_price_runtime.test_combination_capsule.SyntheticCapsuleTest.test_exact_capsule_has_twenty_five_sources_and_four_empty_initializers)
----------------------------------------------------------------------
Traceback (most recent call last):
  File "/Users/um-yunsang/argo-paper-orx/experiments/argo_workflow_followup/public_ml_apparatus/house_price_runtime/test_combination_capsule.py", line 38, in test_exact_capsule_has_twenty_five_sources_and_four_empty_initializers
    tree=materialize_synthetic_capsule(self.destination,self.members)
         ^^^^^^^^^^^^^^^^^^^^^^^^^^^^^^^^^^^^^^^^^^^^^^^^^^^^^^^^^^^^
  File "/Users/um-yunsang/argo-paper-orx/experiments/argo_workflow_followup/public_ml_apparatus/house_price_runtime/combination_capsule.py", line 11, in materialize_synthetic_capsule
    raise SyntheticCapsuleError()
experiments.argo_workflow_followup.public_ml_apparatus.house_price_runtime.combination_capsule.SyntheticCapsuleError: SYNTHETIC_CAPSULE_INVALID

======================================================================
ERROR: test_production_allowlist_is_not_broadened_by_synthetic_copy (experiments.argo_workflow_followup.public_ml_apparatus.house_price_runtime.test_combination_capsule.SyntheticCapsuleTest.test_production_allowlist_is_not_broadened_by_synthetic_copy)
----------------------------------------------------------------------
Traceback (most recent call last):
  File "/Users/um-yunsang/argo-paper-orx/experiments/argo_workflow_followup/public_ml_apparatus/house_price_runtime/test_combination_capsule.py", line 56, in test_production_allowlist_is_not_broadened_by_synthetic_copy
    materialize_synthetic_capsule(self.destination,self.members)
  File "/Users/um-yunsang/argo-paper-orx/experiments/argo_workflow_followup/public_ml_apparatus/house_price_runtime/combination_capsule.py", line 11, in materialize_synthetic_capsule
    raise SyntheticCapsuleError()
experiments.argo_workflow_followup.public_ml_apparatus.house_price_runtime.combination_capsule.SyntheticCapsuleError: SYNTHETIC_CAPSULE_INVALID

======================================================================
FAIL: test_symlink_source_is_rejected_and_partial_copy_cannot_be_reused (experiments.argo_workflow_followup.public_ml_apparatus.house_price_runtime.test_combination_capsule.SyntheticCapsuleTest.test_symlink_source_is_rejected_and_partial_copy_cannot_be_reused)
----------------------------------------------------------------------
Traceback (most recent call last):
  File "/Users/um-yunsang/argo-paper-orx/experiments/argo_workflow_followup/public_ml_apparatus/house_price_runtime/test_combination_capsule.py", line 74, in test_symlink_source_is_rejected_and_partial_copy_cannot_be_reused
    self.assertTrue(self.destination.exists())
AssertionError: False is not true

----------------------------------------------------------------------
Ran 5 tests in 0.026s

FAILED (failures=1, errors=3)
