FAIL identical wrong property type is rejected against root authority
AssertionError: Missing expected rejection.
AssertionError [ERR_ASSERTION]: Missing expected rejection.
    at async expectFullSchemaRejection (/Users/um-yunsang/argo-paper-orx/experiments/argo_workflow_followup/public_ml_apparatus/house_price_runtime/a2-frontend-probes/test-a2-combination-frontend.ts:148:3)
    at async Object.run (/Users/um-yunsang/argo-paper-orx/experiments/argo_workflow_followup/public_ml_apparatus/house_price_runtime/a2-frontend-probes/test-a2-combination-frontend.ts:168:3)
    at async main (/Users/um-yunsang/argo-paper-orx/experiments/argo_workflow_followup/public_ml_apparatus/house_price_runtime/a2-frontend-probes/test-a2-combination-frontend.ts:336:7)
    at async <anonymous> (/Users/um-yunsang/argo-paper-orx/experiments/argo_workflow_followup/public_ml_apparatus/house_price_runtime/a2-frontend-probes/test-a2-combination-frontend.ts:348:1)
FAIL identical wrong required array is rejected against root authority
AssertionError: Missing expected rejection.
AssertionError [ERR_ASSERTION]: Missing expected rejection.
    at async expectFullSchemaRejection (/Users/um-yunsang/argo-paper-orx/experiments/argo_workflow_followup/public_ml_apparatus/house_price_runtime/a2-frontend-probes/test-a2-combination-frontend.ts:148:3)
    at async Object.run (/Users/um-yunsang/argo-paper-orx/experiments/argo_workflow_followup/public_ml_apparatus/house_price_runtime/a2-frontend-probes/test-a2-combination-frontend.ts:175:3)
    at async main (/Users/um-yunsang/argo-paper-orx/experiments/argo_workflow_followup/public_ml_apparatus/house_price_runtime/a2-frontend-probes/test-a2-combination-frontend.ts:336:7)
    at async <anonymous> (/Users/um-yunsang/argo-paper-orx/experiments/argo_workflow_followup/public_ml_apparatus/house_price_runtime/a2-frontend-probes/test-a2-combination-frontend.ts:348:1)
FAIL identical wrong description is rejected against root authority
AssertionError: Missing expected rejection.
AssertionError [ERR_ASSERTION]: Missing expected rejection.
    at async expectFullSchemaRejection (/Users/um-yunsang/argo-paper-orx/experiments/argo_workflow_followup/public_ml_apparatus/house_price_runtime/a2-frontend-probes/test-a2-combination-frontend.ts:148:3)
    at async Object.run (/Users/um-yunsang/argo-paper-orx/experiments/argo_workflow_followup/public_ml_apparatus/house_price_runtime/a2-frontend-probes/test-a2-combination-frontend.ts:181:3)
    at async main (/Users/um-yunsang/argo-paper-orx/experiments/argo_workflow_followup/public_ml_apparatus/house_price_runtime/a2-frontend-probes/test-a2-combination-frontend.ts:336:7)
    at async <anonymous> (/Users/um-yunsang/argo-paper-orx/experiments/argo_workflow_followup/public_ml_apparatus/house_price_runtime/a2-frontend-probes/test-a2-combination-frontend.ts:348:1)
FAIL identical extra JSON schema keyword is rejected against root authority
AssertionError: Missing expected rejection.
AssertionError [ERR_ASSERTION]: Missing expected rejection.
    at async expectFullSchemaRejection (/Users/um-yunsang/argo-paper-orx/experiments/argo_workflow_followup/public_ml_apparatus/house_price_runtime/a2-frontend-probes/test-a2-combination-frontend.ts:148:3)
    at async Object.run (/Users/um-yunsang/argo-paper-orx/experiments/argo_workflow_followup/public_ml_apparatus/house_price_runtime/a2-frontend-probes/test-a2-combination-frontend.ts:187:3)
    at async main (/Users/um-yunsang/argo-paper-orx/experiments/argo_workflow_followup/public_ml_apparatus/house_price_runtime/a2-frontend-probes/test-a2-combination-frontend.ts:336:7)
    at async <anonymous> (/Users/um-yunsang/argo-paper-orx/experiments/argo_workflow_followup/public_ml_apparatus/house_price_runtime/a2-frontend-probes/test-a2-combination-frontend.ts:348:1)
PASS mocked main receives unchanged args and exactly one additional test-only factory
PASS schema drift fails before metadata and always unregisters
PASS fewer than two provider calls fails without fallback
PASS more than two provider calls fails without another response or fallback
PASS prepared binding rejects provider or tool changes before Faux registration
{"total":9,"failures":4}
