test_only_exact_integer_zero_proves_success (experiments.argo_workflow_followup.public_ml_apparatus.house_price_runtime.test_prior_process_receipt_types.PriorReceiptTypeTest.test_only_exact_integer_zero_proves_success) ... 
  test_only_exact_integer_zero_proves_success (experiments.argo_workflow_followup.public_ml_apparatus.house_price_runtime.test_prior_process_receipt_types.PriorReceiptTypeTest.test_only_exact_integer_zero_proves_success) (value=False) ... FAIL
  test_only_exact_integer_zero_proves_success (experiments.argo_workflow_followup.public_ml_apparatus.house_price_runtime.test_prior_process_receipt_types.PriorReceiptTypeTest.test_only_exact_integer_zero_proves_success) (value=0.0) ... FAIL

======================================================================
FAIL: test_only_exact_integer_zero_proves_success (experiments.argo_workflow_followup.public_ml_apparatus.house_price_runtime.test_prior_process_receipt_types.PriorReceiptTypeTest.test_only_exact_integer_zero_proves_success) (value=False)
----------------------------------------------------------------------
Traceback (most recent call last):
  File "/Users/um-yunsang/argo-paper-orx/experiments/argo_workflow_followup/public_ml_apparatus/house_price_runtime/test_prior_process_receipt_types.py", line 18, in test_only_exact_integer_zero_proves_success
    with self.subTest(value=value):self.assertFalse(_valid_prior_process_receipt(receipt,fixture.session_path))
                                   ^^^^^^^^^^^^^^^^^^^^^^^^^^^^^^^^^^^^^^^^^^^^^^^^^^^^^^^^^^^^^^^^^^^^^^^^^^^^
AssertionError: True is not false

======================================================================
FAIL: test_only_exact_integer_zero_proves_success (experiments.argo_workflow_followup.public_ml_apparatus.house_price_runtime.test_prior_process_receipt_types.PriorReceiptTypeTest.test_only_exact_integer_zero_proves_success) (value=0.0)
----------------------------------------------------------------------
Traceback (most recent call last):
  File "/Users/um-yunsang/argo-paper-orx/experiments/argo_workflow_followup/public_ml_apparatus/house_price_runtime/test_prior_process_receipt_types.py", line 18, in test_only_exact_integer_zero_proves_success
    with self.subTest(value=value):self.assertFalse(_valid_prior_process_receipt(receipt,fixture.session_path))
                                   ^^^^^^^^^^^^^^^^^^^^^^^^^^^^^^^^^^^^^^^^^^^^^^^^^^^^^^^^^^^^^^^^^^^^^^^^^^^^
AssertionError: True is not false

----------------------------------------------------------------------
Ran 1 test in 0.008s

FAILED (failures=2)
