test_all_four_categories_including_cache_reads_are_counted (test_campaign_usage.CampaignUsageTest) ... ok
test_archived_installed_prime_session_matches_exact_category_totals (test_campaign_usage.CampaignUsageTest) ... ok
test_child_or_unsupported_usage_attribution_is_unknown_in_no_rlm_protocol (test_campaign_usage.CampaignUsageTest) ... FAIL
test_combined_budget_never_resets_and_session_duplicates_are_rejected (test_campaign_usage.CampaignUsageTest) ... ok
test_missing_partial_and_zero_error_usage_is_unknown_not_free (test_campaign_usage.CampaignUsageTest) ... ok
test_missing_response_identity_is_incomplete_without_losing_known_usage (test_campaign_usage.CampaignUsageTest) ... FAIL
test_native_identity_duplicate_or_malformed_usage_rejected (test_campaign_usage.CampaignUsageTest) ... ok
test_nonassistant_rows_do_not_manufacture_usage_and_branches_rejected (test_campaign_usage.CampaignUsageTest) ... ok
test_boolean_expected_fields_are_not_integer_census_values (test_source_closure.ClosureTest) ... test_caps_before_read_and_root_identity_changes (test_source_closure.ClosureTest) ... ok
test_complete_tree_and_rederived_bytes_not_self_attestation (test_source_closure.ClosureTest) ... ok
test_internal_symlink_bound_external_and_fifo_rejected (test_source_closure.ClosureTest) ... ok
test_mutation_hidden_add_remove_and_preserved_mtime_rejected (test_source_closure.ClosureTest) ... ok

======================================================================
FAIL: test_child_or_unsupported_usage_attribution_is_unknown_in_no_rlm_protocol (test_campaign_usage.CampaignUsageTest)
----------------------------------------------------------------------
Traceback (most recent call last):
  File "/Users/um-yunsang/argo-paper-orx/experiments/argo_workflow_followup/public_ml_apparatus/house_price_runtime/test_campaign_usage.py", line 106, in test_child_or_unsupported_usage_attribution_is_unknown_in_no_rlm_protocol
    self.assertFalse(usage.complete)
AssertionError: True is not false

======================================================================
FAIL: test_missing_response_identity_is_incomplete_without_losing_known_usage (test_campaign_usage.CampaignUsageTest)
----------------------------------------------------------------------
Traceback (most recent call last):
  File "/Users/um-yunsang/argo-paper-orx/experiments/argo_workflow_followup/public_ml_apparatus/house_price_runtime/test_campaign_usage.py", line 93, in test_missing_response_identity_is_incomplete_without_losing_known_usage
    self.assertFalse(usage.complete)
AssertionError: True is not false

======================================================================
FAIL: test_boolean_expected_fields_are_not_integer_census_values (test_source_closure.ClosureTest) (field='file_count')
----------------------------------------------------------------------
Traceback (most recent call last):
  File "/Users/um-yunsang/argo-paper-orx/experiments/argo_workflow_followup/public_ml_apparatus/house_price_runtime/test_source_closure.py", line 56, in test_boolean_expected_fields_are_not_integer_census_values
    verify_tree(root,replace(expected,**{field:bool(getattr(expected,field))}),self.limits)
AssertionError: ClosureError not raised

======================================================================
FAIL: test_boolean_expected_fields_are_not_integer_census_values (test_source_closure.ClosureTest) (field='directory_count')
----------------------------------------------------------------------
Traceback (most recent call last):
  File "/Users/um-yunsang/argo-paper-orx/experiments/argo_workflow_followup/public_ml_apparatus/house_price_runtime/test_source_closure.py", line 56, in test_boolean_expected_fields_are_not_integer_census_values
    verify_tree(root,replace(expected,**{field:bool(getattr(expected,field))}),self.limits)
AssertionError: ClosureError not raised

======================================================================
FAIL: test_boolean_expected_fields_are_not_integer_census_values (test_source_closure.ClosureTest) (field='symlink_count')
----------------------------------------------------------------------
Traceback (most recent call last):
  File "/Users/um-yunsang/argo-paper-orx/experiments/argo_workflow_followup/public_ml_apparatus/house_price_runtime/test_source_closure.py", line 56, in test_boolean_expected_fields_are_not_integer_census_values
    verify_tree(root,replace(expected,**{field:bool(getattr(expected,field))}),self.limits)
AssertionError: ClosureError not raised

======================================================================
FAIL: test_boolean_expected_fields_are_not_integer_census_values (test_source_closure.ClosureTest) (field='total_file_bytes')
----------------------------------------------------------------------
Traceback (most recent call last):
  File "/Users/um-yunsang/argo-paper-orx/experiments/argo_workflow_followup/public_ml_apparatus/house_price_runtime/test_source_closure.py", line 56, in test_boolean_expected_fields_are_not_integer_census_values
    verify_tree(root,replace(expected,**{field:bool(getattr(expected,field))}),self.limits)
AssertionError: ClosureError not raised

----------------------------------------------------------------------
Ran 13 tests in 0.031s

FAILED (failures=6)
