test_corrupt_usage_stops_without_claiming_readiness (experiments.argo_workflow_followup.public_ml_apparatus.house_price_runtime.test_phase_gate.PhaseGateCliTest) ... ok
test_final_lock_is_reopened_and_compared_to_bridge_canonical_lock (experiments.argo_workflow_followup.public_ml_apparatus.house_price_runtime.test_phase_gate.PhaseGateCliTest) ... ok
test_fresh_gate_invocation_cannot_roll_back_or_forget_completed_usage (experiments.argo_workflow_followup.public_ml_apparatus.house_price_runtime.test_phase_gate.PhaseGateCliTest) ... FAIL
test_reads_same_bridge_views_and_publishes_hashed_native_usage_ready (experiments.argo_workflow_followup.public_ml_apparatus.house_price_runtime.test_phase_gate.PhaseGateCliTest) ... ok
test_terminal_failure_stdout_is_safe_stop_not_retry (experiments.argo_workflow_followup.public_ml_apparatus.house_price_runtime.test_phase_gate.PhaseGateCliTest) ... ok
test_wrong_lock_path_and_config_hash_fail_before_bridge_call (experiments.argo_workflow_followup.public_ml_apparatus.house_price_runtime.test_phase_gate.PhaseGateCliTest) ... ok
test_budget_unknown_and_waiting_are_distinct_from_completion (experiments.argo_workflow_followup.public_ml_apparatus.house_price_runtime.test_phase_gate.PhaseGateTest) ... ok
test_exact_schemas_duplicate_ids_type_bounds_and_hashes_are_checked (experiments.argo_workflow_followup.public_ml_apparatus.house_price_runtime.test_phase_gate.PhaseGateTest) ... ok
test_final_requires_root_loaded_lock_matches_native_artifact_and_selected_dev_code (experiments.argo_workflow_followup.public_ml_apparatus.house_price_runtime.test_phase_gate.PhaseGateTest) ... ok
test_first_result_or_active_run_is_not_ready_and_unknown_is_not_success (experiments.argo_workflow_followup.public_ml_apparatus.house_price_runtime.test_phase_gate.PhaseGateTest) ... ok
test_initial_cannot_skip_handoff_or_accept_self_declared_eligibility (experiments.argo_workflow_followup.public_ml_apparatus.house_price_runtime.test_phase_gate.PhaseGateTest) ... ok
test_initial_exact_two_verified_results_and_hashed_research_are_ready (experiments.argo_workflow_followup.public_ml_apparatus.house_price_runtime.test_phase_gate.PhaseGateTest) ... ok
test_known_failed_attempt_is_preserved_without_becoming_eligible (experiments.argo_workflow_followup.public_ml_apparatus.house_price_runtime.test_phase_gate.PhaseGateTest) ... ok
test_unbound_attempt_or_missing_final_reference_never_reports_ready (experiments.argo_workflow_followup.public_ml_apparatus.house_price_runtime.test_phase_gate.PhaseGateTest) ... ok
test_verified_metric_count_bounds_remaining_opportunities (experiments.argo_workflow_followup.public_ml_apparatus.house_price_runtime.test_phase_gate.PhaseGateTest) ... FAIL

======================================================================
FAIL: test_fresh_gate_invocation_cannot_roll_back_or_forget_completed_usage (experiments.argo_workflow_followup.public_ml_apparatus.house_price_runtime.test_phase_gate.PhaseGateCliTest)
----------------------------------------------------------------------
Traceback (most recent call last):
  File "/Users/um-yunsang/argo-paper-orx/experiments/argo_workflow_followup/public_ml_apparatus/house_price_runtime/test_phase_gate.py", line 232, in test_fresh_gate_invocation_cannot_roll_back_or_forget_completed_usage
    self.assertEqual(rolled["decision"]["outcome"],"STOP_USAGE_UNKNOWN")
AssertionError: 'READY_INITIAL_CHECKPOINT' != 'STOP_USAGE_UNKNOWN'
- READY_INITIAL_CHECKPOINT
+ STOP_USAGE_UNKNOWN


======================================================================
FAIL: test_verified_metric_count_bounds_remaining_opportunities (experiments.argo_workflow_followup.public_ml_apparatus.house_price_runtime.test_phase_gate.PhaseGateTest)
----------------------------------------------------------------------
Traceback (most recent call last):
  File "/Users/um-yunsang/argo-paper-orx/experiments/argo_workflow_followup/public_ml_apparatus/house_price_runtime/test_phase_gate.py", line 138, in test_verified_metric_count_bounds_remaining_opportunities
    self.assertEqual(decide_phase("initial",public,dev,research,usage,expected_rows=2).outcome,"STOP_PROTOCOL_INVALID")
AssertionError: 'READY_INITIAL_CHECKPOINT' != 'STOP_PROTOCOL_INVALID'
- READY_INITIAL_CHECKPOINT
+ STOP_PROTOCOL_INVALID


----------------------------------------------------------------------
Ran 15 tests in 0.033s

FAILED (failures=2)
