test_combined_limit_counts_prior_not_reset_and_disallows_duplicate_session (experiments.argo_workflow_followup.public_ml_apparatus.house_price_runtime.test_usage_observer.UsageObserverTest) ... ERROR
test_counter_regression_is_detected_without_prior_unknown_state (experiments.argo_workflow_followup.public_ml_apparatus.house_price_runtime.test_usage_observer.UsageObserverTest) ... FAIL
test_foreign_filename_and_sticky_unknown_never_reenable_work (experiments.argo_workflow_followup.public_ml_apparatus.house_price_runtime.test_usage_observer.UsageObserverTest) ... ok
test_links_multiple_files_and_root_replacement_are_rejected (experiments.argo_workflow_followup.public_ml_apparatus.house_price_runtime.test_usage_observer.UsageObserverTest) ... ok
test_restored_checkpoint_rejects_rollback_and_missing_file (experiments.argo_workflow_followup.public_ml_apparatus.house_price_runtime.test_usage_observer.UsageObserverTest) ... ERROR
test_restored_checkpoint_validates_configuration_types_and_prefix (experiments.argo_workflow_followup.public_ml_apparatus.house_price_runtime.test_usage_observer.UsageObserverTest) ... ERROR
test_unknown_partial_and_counter_regression_stop_after_record (experiments.argo_workflow_followup.public_ml_apparatus.house_price_runtime.test_usage_observer.UsageObserverTest) ... ok
test_waiting_is_not_zero_complete_and_native_bytes_count (experiments.argo_workflow_followup.public_ml_apparatus.house_price_runtime.test_usage_observer.UsageObserverTest) ... FAIL
test_wrong_native_identity_and_oversize_fail_closed (experiments.argo_workflow_followup.public_ml_apparatus.house_price_runtime.test_usage_observer.UsageObserverTest) ... ok

======================================================================
ERROR: test_combined_limit_counts_prior_not_reset_and_disallows_duplicate_session (experiments.argo_workflow_followup.public_ml_apparatus.house_price_runtime.test_usage_observer.UsageObserverTest)
----------------------------------------------------------------------
Traceback (most recent call last):
  File "/Users/um-yunsang/argo-paper-orx/experiments/argo_workflow_followup/public_ml_apparatus/house_price_runtime/test_usage_observer.py", line 48, in test_combined_limit_counts_prior_not_reset_and_disallows_duplicate_session
    observer=UsageObserver(UsageObserverConfig(self.identity,self.header["cwd"],"a2-faux-6122","a2-probe",7000,(prior,)))
  File "/Users/um-yunsang/argo-paper-orx/experiments/argo_workflow_followup/public_ml_apparatus/house_price_runtime/usage_observer.py", line 71, in __init__
    raise UsageObservationError()
experiments.argo_workflow_followup.public_ml_apparatus.house_price_runtime.usage_observer.UsageObservationError: USAGE_OBSERVATION_INVALID

======================================================================
ERROR: test_restored_checkpoint_rejects_rollback_and_missing_file (experiments.argo_workflow_followup.public_ml_apparatus.house_price_runtime.test_usage_observer.UsageObserverTest)
----------------------------------------------------------------------
Traceback (most recent call last):
  File "/Users/um-yunsang/argo-paper-orx/experiments/argo_workflow_followup/public_ml_apparatus/house_price_runtime/test_usage_observer.py", line 90, in test_restored_checkpoint_rejects_rollback_and_missing_file
    checkpoint=self.observer.export_checkpoint()
AttributeError: 'UsageObserver' object has no attribute 'export_checkpoint'

======================================================================
ERROR: test_restored_checkpoint_validates_configuration_types_and_prefix (experiments.argo_workflow_followup.public_ml_apparatus.house_price_runtime.test_usage_observer.UsageObserverTest)
----------------------------------------------------------------------
Traceback (most recent call last):
  File "/Users/um-yunsang/argo-paper-orx/experiments/argo_workflow_followup/public_ml_apparatus/house_price_runtime/test_usage_observer.py", line 101, in test_restored_checkpoint_validates_configuration_types_and_prefix
    path=self.write();self.observer.observe();checkpoint=self.observer.export_checkpoint()
AttributeError: 'UsageObserver' object has no attribute 'export_checkpoint'

======================================================================
FAIL: test_counter_regression_is_detected_without_prior_unknown_state (experiments.argo_workflow_followup.public_ml_apparatus.house_price_runtime.test_usage_observer.UsageObserverTest)
----------------------------------------------------------------------
Traceback (most recent call last):
  File "/Users/um-yunsang/argo-paper-orx/experiments/argo_workflow_followup/public_ml_apparatus/house_price_runtime/test_usage_observer.py", line 86, in test_counter_regression_is_detected_without_prior_unknown_state
    self.assertEqual(result.total_tokens,3745)
AssertionError: None != 3745

======================================================================
FAIL: test_waiting_is_not_zero_complete_and_native_bytes_count (experiments.argo_workflow_followup.public_ml_apparatus.house_price_runtime.test_usage_observer.UsageObserverTest)
----------------------------------------------------------------------
Traceback (most recent call last):
  File "/Users/um-yunsang/argo-paper-orx/experiments/argo_workflow_followup/public_ml_apparatus/house_price_runtime/test_usage_observer.py", line 37, in test_waiting_is_not_zero_complete_and_native_bytes_count
    self.assertEqual(result.state,"WITHIN_BUDGET");self.assertEqual(result.current_tokens,3745)
AssertionError: 'USAGE_UNKNOWN' != 'WITHIN_BUDGET'
- USAGE_UNKNOWN
+ WITHIN_BUDGET


----------------------------------------------------------------------
Ran 9 tests in 0.025s

FAILED (failures=2, errors=3)
