test_fresh_gate_invocation_cannot_roll_back_or_forget_completed_usage (experiments.argo_workflow_followup.public_ml_apparatus.house_price_runtime.test_phase_gate.PhaseGateCliTest) ... FAIL
test_restored_checkpoint_rejects_rollback_and_missing_file (experiments.argo_workflow_followup.public_ml_apparatus.house_price_runtime.test_usage_observer.UsageObserverTest) ... ERROR

======================================================================
ERROR: test_restored_checkpoint_rejects_rollback_and_missing_file (experiments.argo_workflow_followup.public_ml_apparatus.house_price_runtime.test_usage_observer.UsageObserverTest)
----------------------------------------------------------------------
Traceback (most recent call last):
  File "/Users/um-yunsang/argo-paper-orx/experiments/argo_workflow_followup/public_ml_apparatus/house_price_runtime/test_usage_observer.py", line 97, in test_restored_checkpoint_rejects_rollback_and_missing_file
    checkpoint=self.observer.export_checkpoint()
AttributeError: 'UsageObserver' object has no attribute 'export_checkpoint'

======================================================================
FAIL: test_fresh_gate_invocation_cannot_roll_back_or_forget_completed_usage (experiments.argo_workflow_followup.public_ml_apparatus.house_price_runtime.test_phase_gate.PhaseGateCliTest)
----------------------------------------------------------------------
Traceback (most recent call last):
  File "/Users/um-yunsang/argo-paper-orx/experiments/argo_workflow_followup/public_ml_apparatus/house_price_runtime/test_phase_gate.py", line 233, in test_fresh_gate_invocation_cannot_roll_back_or_forget_completed_usage
    self.assertEqual(rolled["decision"]["outcome"],"STOP_USAGE_UNKNOWN")
AssertionError: 'READY_INITIAL_CHECKPOINT' != 'STOP_USAGE_UNKNOWN'
- READY_INITIAL_CHECKPOINT
+ STOP_USAGE_UNKNOWN


----------------------------------------------------------------------
Ran 2 tests in 0.007s

FAILED (failures=1, errors=1)
