test_corrupt_or_busy_history_fails_closed_without_new_outcome (experiments.argo_workflow_followup.public_ml_apparatus.house_price_runtime.test_phase_gate.PhaseGateCliTest) ... ok
test_corrupt_usage_stops_without_claiming_readiness (experiments.argo_workflow_followup.public_ml_apparatus.house_price_runtime.test_phase_gate.PhaseGateCliTest) ... ok
test_final_lock_is_reopened_and_compared_to_bridge_canonical_lock (experiments.argo_workflow_followup.public_ml_apparatus.house_price_runtime.test_phase_gate.PhaseGateCliTest) ... ok
test_fresh_gate_invocation_cannot_roll_back_or_forget_completed_usage (experiments.argo_workflow_followup.public_ml_apparatus.house_price_runtime.test_phase_gate.PhaseGateCliTest) ... ok
test_outcome_chain_is_contiguous_and_checkpoint_is_exact (experiments.argo_workflow_followup.public_ml_apparatus.house_price_runtime.test_phase_gate.PhaseGateCliTest) ... ok
test_reads_same_bridge_views_and_publishes_hashed_native_usage_ready (experiments.argo_workflow_followup.public_ml_apparatus.house_price_runtime.test_phase_gate.PhaseGateCliTest) ... ok
test_terminal_failure_stdout_is_safe_stop_not_retry (experiments.argo_workflow_followup.public_ml_apparatus.house_price_runtime.test_phase_gate.PhaseGateCliTest) ... ok
test_unknown_usage_cannot_be_repaired_into_readiness_on_next_call (experiments.argo_workflow_followup.public_ml_apparatus.house_price_runtime.test_phase_gate.PhaseGateCliTest) ... ok
test_wrong_lock_path_and_config_hash_fail_before_bridge_call (experiments.argo_workflow_followup.public_ml_apparatus.house_price_runtime.test_phase_gate.PhaseGateCliTest) ... ok
test_budget_unknown_and_waiting_are_distinct_from_completion (experiments.argo_workflow_followup.public_ml_apparatus.house_price_runtime.test_phase_gate.PhaseGateTest) ... ok
test_exact_schemas_duplicate_ids_type_bounds_and_hashes_are_checked (experiments.argo_workflow_followup.public_ml_apparatus.house_price_runtime.test_phase_gate.PhaseGateTest) ... ok
test_final_requires_root_loaded_lock_matches_native_artifact_and_selected_dev_code (experiments.argo_workflow_followup.public_ml_apparatus.house_price_runtime.test_phase_gate.PhaseGateTest) ... ok
test_first_result_or_active_run_is_not_ready_and_unknown_is_not_success (experiments.argo_workflow_followup.public_ml_apparatus.house_price_runtime.test_phase_gate.PhaseGateTest) ... ok
test_initial_cannot_skip_handoff_or_accept_self_declared_eligibility (experiments.argo_workflow_followup.public_ml_apparatus.house_price_runtime.test_phase_gate.PhaseGateTest) ... ok
test_initial_exact_two_verified_results_and_hashed_research_are_ready (experiments.argo_workflow_followup.public_ml_apparatus.house_price_runtime.test_phase_gate.PhaseGateTest) ... ok
test_known_failed_attempt_is_preserved_without_becoming_eligible (experiments.argo_workflow_followup.public_ml_apparatus.house_price_runtime.test_phase_gate.PhaseGateTest) ... ok
test_unbound_attempt_or_missing_final_reference_never_reports_ready (experiments.argo_workflow_followup.public_ml_apparatus.house_price_runtime.test_phase_gate.PhaseGateTest) ... ok
test_verified_metric_count_bounds_remaining_opportunities (experiments.argo_workflow_followup.public_ml_apparatus.house_price_runtime.test_phase_gate.PhaseGateTest) ... ok

----------------------------------------------------------------------
Ran 18 tests in 0.040s

OK
