F01_first=READY_INITIAL_CHECKPOINT:3745
F01_fresh_rollback=STOP_USAGE_UNKNOWN:3745
F01_fresh_missing=STOP_USAGE_UNKNOWN:3745
F01_partial=STOP_USAGE_UNKNOWN:2082
F01_partial_repaired_but_sticky=STOP_USAGE_UNKNOWN:2082
F01_valid_append=(2082, 3745, 'READY_INITIAL_CHECKPOINT')
F01_identical_replacement=STOP_USAGE_UNKNOWN:3745
F01_absent_start=WAITING_FIRST_USAGE:NOT_READY
F01_after_absent_valid_file=READY_INITIAL_CHECKPOINT:3745
CHAIN_contiguous=(1, 2, True)
CHAIN_hole_blocked=(True, 1)
CHAIN_corruption_blocked=True
CHAIN_O_EXCL_busy_lock=(True, True)
CHAIN_short_write_completed=('READY_INITIAL_CHECKPOINT', 1)
CHAIN_partial_write=(True, 11, True, 1)
CHAIN_count_bound=(True, 40)
F03_missing_response=(False, 118, ('MISSING_RESPONSE_ID',))
F02_child_attribution=(False, 118, ('UNSUPPORTED_USAGE_ATTRIBUTION',))
F04_contradictory_remaining=STOP_PROTOCOL_INVALID
F05_boolean_expected_rejected=True
