test_bad_settings_and_process_config_inside_artifact_are_rejected (experiments.argo_workflow_followup.public_ml_apparatus.house_price_runtime.test_controller_deployment.ControllerDeploymentTest.test_bad_settings_and_process_config_inside_artifact_are_rejected) ... ERROR
test_extension_binding_is_fixed_bounded_and_no_overwrite (experiments.argo_workflow_followup.public_ml_apparatus.house_price_runtime.test_controller_deployment.ControllerDeploymentTest.test_extension_binding_is_fixed_bounded_and_no_overwrite) ... ERROR
test_frontend_and_process_bind_exact_eight_env_and_native_argv_assets (experiments.argo_workflow_followup.public_ml_apparatus.house_price_runtime.test_controller_deployment.ControllerDeploymentTest.test_frontend_and_process_bind_exact_eight_env_and_native_argv_assets) ... ERROR
test_profile_auth_contents_are_never_opened_by_producer (experiments.argo_workflow_followup.public_ml_apparatus.house_price_runtime.test_controller_deployment.ControllerDeploymentTest.test_profile_auth_contents_are_never_opened_by_producer) ... ERROR
test_unknown_assets_modified_settings_and_stale_native_dirs_are_denied (experiments.argo_workflow_followup.public_ml_apparatus.house_price_runtime.test_controller_deployment.ControllerDeploymentTest.test_unknown_assets_modified_settings_and_stale_native_dirs_are_denied) ... ERROR

======================================================================
ERROR: test_bad_settings_and_process_config_inside_artifact_are_rejected (experiments.argo_workflow_followup.public_ml_apparatus.house_price_runtime.test_controller_deployment.ControllerDeploymentTest.test_bad_settings_and_process_config_inside_artifact_are_rejected)
----------------------------------------------------------------------
Traceback (most recent call last):
  File "/Users/um-yunsang/argo-paper-orx/experiments/argo_workflow_followup/public_ml_apparatus/house_price_runtime/test_controller_deployment.py", line 85, in test_bad_settings_and_process_config_inside_artifact_are_rejected
    spec=self.spec();settings=self.directories["profile"]/"settings.json"
         ^^^^^^^^^^^
  File "/Users/um-yunsang/argo-paper-orx/experiments/argo_workflow_followup/public_ml_apparatus/house_price_runtime/test_controller_deployment.py", line 50, in spec
    binding=write_extension_binding(self.extension,self.bootstrap)
            ^^^^^^^^^^^^^^^^^^^^^^^^^^^^^^^^^^^^^^^^^^^^^^^^^^^^^^
  File "/Users/um-yunsang/argo-paper-orx/experiments/argo_workflow_followup/public_ml_apparatus/house_price_runtime/controller_deployment.py", line 19, in write_extension_binding
    raise DeploymentConfigError()
experiments.argo_workflow_followup.public_ml_apparatus.house_price_runtime.controller_deployment.DeploymentConfigError: DEPLOYMENT_CONFIG_INVALID

======================================================================
ERROR: test_extension_binding_is_fixed_bounded_and_no_overwrite (experiments.argo_workflow_followup.public_ml_apparatus.house_price_runtime.test_controller_deployment.ControllerDeploymentTest.test_extension_binding_is_fixed_bounded_and_no_overwrite)
----------------------------------------------------------------------
Traceback (most recent call last):
  File "/Users/um-yunsang/argo-paper-orx/experiments/argo_workflow_followup/public_ml_apparatus/house_price_runtime/test_controller_deployment.py", line 53, in test_extension_binding_is_fixed_bounded_and_no_overwrite
    binding=write_extension_binding(self.extension,self.bootstrap)
            ^^^^^^^^^^^^^^^^^^^^^^^^^^^^^^^^^^^^^^^^^^^^^^^^^^^^^^
  File "/Users/um-yunsang/argo-paper-orx/experiments/argo_workflow_followup/public_ml_apparatus/house_price_runtime/controller_deployment.py", line 19, in write_extension_binding
    raise DeploymentConfigError()
experiments.argo_workflow_followup.public_ml_apparatus.house_price_runtime.controller_deployment.DeploymentConfigError: DEPLOYMENT_CONFIG_INVALID

======================================================================
ERROR: test_frontend_and_process_bind_exact_eight_env_and_native_argv_assets (experiments.argo_workflow_followup.public_ml_apparatus.house_price_runtime.test_controller_deployment.ControllerDeploymentTest.test_frontend_and_process_bind_exact_eight_env_and_native_argv_assets)
----------------------------------------------------------------------
Traceback (most recent call last):
  File "/Users/um-yunsang/argo-paper-orx/experiments/argo_workflow_followup/public_ml_apparatus/house_price_runtime/test_controller_deployment.py", line 61, in test_frontend_and_process_bind_exact_eight_env_and_native_argv_assets
    spec=self.spec();deployment=self.artifact/"deployment.json"
         ^^^^^^^^^^^
  File "/Users/um-yunsang/argo-paper-orx/experiments/argo_workflow_followup/public_ml_apparatus/house_price_runtime/test_controller_deployment.py", line 50, in spec
    binding=write_extension_binding(self.extension,self.bootstrap)
            ^^^^^^^^^^^^^^^^^^^^^^^^^^^^^^^^^^^^^^^^^^^^^^^^^^^^^^
  File "/Users/um-yunsang/argo-paper-orx/experiments/argo_workflow_followup/public_ml_apparatus/house_price_runtime/controller_deployment.py", line 19, in write_extension_binding
    raise DeploymentConfigError()
experiments.argo_workflow_followup.public_ml_apparatus.house_price_runtime.controller_deployment.DeploymentConfigError: DEPLOYMENT_CONFIG_INVALID

======================================================================
ERROR: test_profile_auth_contents_are_never_opened_by_producer (experiments.argo_workflow_followup.public_ml_apparatus.house_price_runtime.test_controller_deployment.ControllerDeploymentTest.test_profile_auth_contents_are_never_opened_by_producer)
----------------------------------------------------------------------
Traceback (most recent call last):
  File "/Users/um-yunsang/argo-paper-orx/experiments/argo_workflow_followup/public_ml_apparatus/house_price_runtime/test_controller_deployment.py", line 95, in test_profile_auth_contents_are_never_opened_by_producer
    spec=self.spec()
         ^^^^^^^^^^^
  File "/Users/um-yunsang/argo-paper-orx/experiments/argo_workflow_followup/public_ml_apparatus/house_price_runtime/test_controller_deployment.py", line 50, in spec
    binding=write_extension_binding(self.extension,self.bootstrap)
            ^^^^^^^^^^^^^^^^^^^^^^^^^^^^^^^^^^^^^^^^^^^^^^^^^^^^^^
  File "/Users/um-yunsang/argo-paper-orx/experiments/argo_workflow_followup/public_ml_apparatus/house_price_runtime/controller_deployment.py", line 19, in write_extension_binding
    raise DeploymentConfigError()
experiments.argo_workflow_followup.public_ml_apparatus.house_price_runtime.controller_deployment.DeploymentConfigError: DEPLOYMENT_CONFIG_INVALID

======================================================================
ERROR: test_unknown_assets_modified_settings_and_stale_native_dirs_are_denied (experiments.argo_workflow_followup.public_ml_apparatus.house_price_runtime.test_controller_deployment.ControllerDeploymentTest.test_unknown_assets_modified_settings_and_stale_native_dirs_are_denied)
----------------------------------------------------------------------
Traceback (most recent call last):
  File "/Users/um-yunsang/argo-paper-orx/experiments/argo_workflow_followup/public_ml_apparatus/house_price_runtime/test_controller_deployment.py", line 78, in test_unknown_assets_modified_settings_and_stale_native_dirs_are_denied
    spec=self.spec()
         ^^^^^^^^^^^
  File "/Users/um-yunsang/argo-paper-orx/experiments/argo_workflow_followup/public_ml_apparatus/house_price_runtime/test_controller_deployment.py", line 50, in spec
    binding=write_extension_binding(self.extension,self.bootstrap)
            ^^^^^^^^^^^^^^^^^^^^^^^^^^^^^^^^^^^^^^^^^^^^^^^^^^^^^^
  File "/Users/um-yunsang/argo-paper-orx/experiments/argo_workflow_followup/public_ml_apparatus/house_price_runtime/controller_deployment.py", line 19, in write_extension_binding
    raise DeploymentConfigError()
experiments.argo_workflow_followup.public_ml_apparatus.house_price_runtime.controller_deployment.DeploymentConfigError: DEPLOYMENT_CONFIG_INVALID

----------------------------------------------------------------------
Ran 5 tests in 0.060s

FAILED (errors=5)
