test_artifact_symlink_census_fails_closed (test_controller_process.ControllerProcessTests.test_artifact_symlink_census_fails_closed) ... ok
test_cli_sigterm_handler_preserves_receipt_and_cleans_child (test_controller_process.ControllerProcessTests.test_cli_sigterm_handler_preserves_receipt_and_cleans_child) ... ok
test_cpu_rlimit_is_actual_posix_behavior (test_controller_process.ControllerProcessTests.test_cpu_rlimit_is_actual_posix_behavior) ... ok
test_created_regular_file_is_hard_capped_by_actual_rlimit_fsize (test_controller_process.ControllerProcessTests.test_created_regular_file_is_hard_capped_by_actual_rlimit_fsize) ... ok
test_environment_is_allowlisted_before_helper_and_worker_flags_are_stripped (test_controller_process.ControllerProcessTests.test_environment_is_allowlisted_before_helper_and_worker_flags_are_stripped) ... ok
test_escaped_setsid_descendant_is_ancestry_tracked_and_individually_cleaned (test_controller_process.ControllerProcessTests.test_escaped_setsid_descendant_is_ancestry_tracked_and_individually_cleaned) ... ok
test_exit_zero_retains_private_raw_files_and_typed_handle (test_controller_process.ControllerProcessTests.test_exit_zero_retains_private_raw_files_and_typed_handle) ... ok
test_extra_environment_keys_fail_before_spawn (test_controller_process.ControllerProcessTests.test_extra_environment_keys_fail_before_spawn) ... ok
test_frozen_production_target_argv_and_environment_names (test_controller_process.ControllerProcessTests.test_frozen_production_target_argv_and_environment_names) ... ok
test_hard_phase_deadline_is_outside_uncooperative_child (test_controller_process.ControllerProcessTests.test_hard_phase_deadline_is_outside_uncooperative_child) ... ok
test_interpreter_chain_identity_change_fails_before_spawn (test_controller_process.ControllerProcessTests.test_interpreter_chain_identity_change_fails_before_spawn) ... ok
test_monitored_aggregate_trigger_records_sampled_overshoot (test_controller_process.ControllerProcessTests.test_monitored_aggregate_trigger_records_sampled_overshoot) ... ok
test_monitored_file_count_trigger_records_overshoot (test_controller_process.ControllerProcessTests.test_monitored_file_count_trigger_records_overshoot) ... ok
test_nonfinite_and_boolean_caps_fail_before_spawn (test_controller_process.ControllerProcessTests.test_nonfinite_and_boolean_caps_fail_before_spawn) ... ok
test_nonzero_exit_is_terminal_and_not_retried (test_controller_process.ControllerProcessTests.test_nonzero_exit_is_terminal_and_not_retried) ... ok
test_parent_abort_terminates_and_escalates_when_term_is_ignored (test_controller_process.ControllerProcessTests.test_parent_abort_terminates_and_escalates_when_term_is_ignored) ... ok
test_path_identity_change_fails_closed_without_spawn (test_controller_process.ControllerProcessTests.test_path_identity_change_fails_closed_without_spawn) ... ok
test_root_pid_identity_is_latched_and_reused_pid_is_not_adopted (test_controller_process.ControllerProcessTests.test_root_pid_identity_is_latched_and_reused_pid_is_not_adopted) ... ok
test_sampled_rss_trigger_records_overshoot_and_coverage (test_controller_process.ControllerProcessTests.test_sampled_rss_trigger_records_overshoot_and_coverage) ... ok
test_stdout_is_hard_capped_by_actual_rlimit_fsize (test_controller_process.ControllerProcessTests.test_stdout_is_hard_capped_by_actual_rlimit_fsize) ... ok

----------------------------------------------------------------------
Ran 20 tests in 5.418s

OK
