test_bad_settings_and_process_config_inside_artifact_are_rejected (experiments.argo_workflow_followup.public_ml_apparatus.house_price_runtime.test_controller_deployment.ControllerDeploymentTest.test_bad_settings_and_process_config_inside_artifact_are_rejected) ... ok
test_bootstrap_changed_after_extension_binding_is_not_reauthorized (experiments.argo_workflow_followup.public_ml_apparatus.house_price_runtime.test_controller_deployment.ControllerDeploymentTest.test_bootstrap_changed_after_extension_binding_is_not_reauthorized) ... FAIL
test_capture_cannot_reauthorize_changed_frontend (experiments.argo_workflow_followup.public_ml_apparatus.house_price_runtime.test_controller_deployment.ControllerDeploymentTest.test_capture_cannot_reauthorize_changed_frontend) ... FAIL
test_extension_binding_is_fixed_bounded_and_no_overwrite (experiments.argo_workflow_followup.public_ml_apparatus.house_price_runtime.test_controller_deployment.ControllerDeploymentTest.test_extension_binding_is_fixed_bounded_and_no_overwrite) ... ok
test_frontend_and_process_bind_exact_eight_env_and_native_argv_assets (experiments.argo_workflow_followup.public_ml_apparatus.house_price_runtime.test_controller_deployment.ControllerDeploymentTest.test_frontend_and_process_bind_exact_eight_env_and_native_argv_assets) ... ok
test_frontend_output_cannot_populate_sealed_empty_native_directories (experiments.argo_workflow_followup.public_ml_apparatus.house_price_runtime.test_controller_deployment.ControllerDeploymentTest.test_frontend_output_cannot_populate_sealed_empty_native_directories) ... 
  test_frontend_output_cannot_populate_sealed_empty_native_directories (experiments.argo_workflow_followup.public_ml_apparatus.house_price_runtime.test_controller_deployment.ControllerDeploymentTest.test_frontend_output_cannot_populate_sealed_empty_native_directories) (name='session_dir') ... FAIL
test_frontend_output_cannot_populate_sealed_empty_native_directories (experiments.argo_workflow_followup.public_ml_apparatus.house_price_runtime.test_controller_deployment.ControllerDeploymentTest.test_frontend_output_cannot_populate_sealed_empty_native_directories) ... FAIL
test_process_config_does_not_reseal_tampered_frontend_directories (experiments.argo_workflow_followup.public_ml_apparatus.house_price_runtime.test_controller_deployment.ControllerDeploymentTest.test_process_config_does_not_reseal_tampered_frontend_directories) ... ok
test_process_output_cannot_mutate_profile_or_public_cwd (experiments.argo_workflow_followup.public_ml_apparatus.house_price_runtime.test_controller_deployment.ControllerDeploymentTest.test_process_output_cannot_mutate_profile_or_public_cwd) ... 
  test_process_output_cannot_mutate_profile_or_public_cwd (experiments.argo_workflow_followup.public_ml_apparatus.house_price_runtime.test_controller_deployment.ControllerDeploymentTest.test_process_output_cannot_mutate_profile_or_public_cwd) (name='profile') ... FAIL
test_process_output_cannot_mutate_profile_or_public_cwd (experiments.argo_workflow_followup.public_ml_apparatus.house_price_runtime.test_controller_deployment.ControllerDeploymentTest.test_process_output_cannot_mutate_profile_or_public_cwd) ... FAIL
test_profile_auth_contents_are_never_opened_by_producer (experiments.argo_workflow_followup.public_ml_apparatus.house_price_runtime.test_controller_deployment.ControllerDeploymentTest.test_profile_auth_contents_are_never_opened_by_producer) ... ok
test_unknown_assets_modified_settings_and_stale_native_dirs_are_denied (experiments.argo_workflow_followup.public_ml_apparatus.house_price_runtime.test_controller_deployment.ControllerDeploymentTest.test_unknown_assets_modified_settings_and_stale_native_dirs_are_denied) ... ok

======================================================================
FAIL: test_bootstrap_changed_after_extension_binding_is_not_reauthorized (experiments.argo_workflow_followup.public_ml_apparatus.house_price_runtime.test_controller_deployment.ControllerDeploymentTest.test_bootstrap_changed_after_extension_binding_is_not_reauthorized)
----------------------------------------------------------------------
Traceback (most recent call last):
  File "/Users/um-yunsang/argo-paper-orx/experiments/argo_workflow_followup/public_ml_apparatus/house_price_runtime/test_controller_deployment.py", line 118, in test_bootstrap_changed_after_extension_binding_is_not_reauthorized
    with self.assertRaises(DeploymentConfigError):
AssertionError: DeploymentConfigError not raised

======================================================================
FAIL: test_capture_cannot_reauthorize_changed_frontend (experiments.argo_workflow_followup.public_ml_apparatus.house_price_runtime.test_controller_deployment.ControllerDeploymentTest.test_capture_cannot_reauthorize_changed_frontend)
----------------------------------------------------------------------
Traceback (most recent call last):
  File "/Users/um-yunsang/argo-paper-orx/experiments/argo_workflow_followup/public_ml_apparatus/house_price_runtime/test_controller_deployment.py", line 149, in test_capture_cannot_reauthorize_changed_frontend
    with patch("experiments.argo_workflow_followup.public_ml_apparatus.house_price_runtime.controller_deployment.capture_path_identity",side_effect=replace_before_capture),self.assertRaises(DeploymentConfigError):
AssertionError: DeploymentConfigError not raised

======================================================================
FAIL: test_frontend_output_cannot_populate_sealed_empty_native_directories (experiments.argo_workflow_followup.public_ml_apparatus.house_price_runtime.test_controller_deployment.ControllerDeploymentTest.test_frontend_output_cannot_populate_sealed_empty_native_directories) (name='session_dir')
----------------------------------------------------------------------
Traceback (most recent call last):
  File "/Users/um-yunsang/argo-paper-orx/experiments/argo_workflow_followup/public_ml_apparatus/house_price_runtime/test_controller_deployment.py", line 126, in test_frontend_output_cannot_populate_sealed_empty_native_directories
    with self.subTest(name=name),self.assertRaises(DeploymentConfigError):
AssertionError: DeploymentConfigError not raised

======================================================================
FAIL: test_frontend_output_cannot_populate_sealed_empty_native_directories (experiments.argo_workflow_followup.public_ml_apparatus.house_price_runtime.test_controller_deployment.ControllerDeploymentTest.test_frontend_output_cannot_populate_sealed_empty_native_directories)
----------------------------------------------------------------------
Traceback (most recent call last):
  File "/Users/um-yunsang/argo-paper-orx/experiments/argo_workflow_followup/public_ml_apparatus/house_price_runtime/test_controller_deployment.py", line 128, in test_frontend_output_cannot_populate_sealed_empty_native_directories
    self.assertFalse(output.exists())
AssertionError: True is not false

======================================================================
FAIL: test_process_output_cannot_mutate_profile_or_public_cwd (experiments.argo_workflow_followup.public_ml_apparatus.house_price_runtime.test_controller_deployment.ControllerDeploymentTest.test_process_output_cannot_mutate_profile_or_public_cwd) (name='profile')
----------------------------------------------------------------------
Traceback (most recent call last):
  File "/Users/um-yunsang/argo-paper-orx/experiments/argo_workflow_followup/public_ml_apparatus/house_price_runtime/test_controller_deployment.py", line 134, in test_process_output_cannot_mutate_profile_or_public_cwd
    with self.subTest(name=name),self.assertRaises(DeploymentConfigError):
AssertionError: DeploymentConfigError not raised

======================================================================
FAIL: test_process_output_cannot_mutate_profile_or_public_cwd (experiments.argo_workflow_followup.public_ml_apparatus.house_price_runtime.test_controller_deployment.ControllerDeploymentTest.test_process_output_cannot_mutate_profile_or_public_cwd)
----------------------------------------------------------------------
Traceback (most recent call last):
  File "/Users/um-yunsang/argo-paper-orx/experiments/argo_workflow_followup/public_ml_apparatus/house_price_runtime/test_controller_deployment.py", line 136, in test_process_output_cannot_mutate_profile_or_public_cwd
    self.assertFalse(output.exists())
AssertionError: True is not false

----------------------------------------------------------------------
Ran 10 tests in 0.557s

FAILED (failures=6)
